# serializer version: 1
# name: test_dry_run_summary_reports_planned_actions
  '''
  git-plonk: mode=hard dry-run
  Planned worktree removals:
  - <worktrees>/issue-123-fix
  Planned branch deletions:
  - issue-123-fix
  '''
# ---
# name: test_summary_rendering_matches_snapshot
  '''
  git-plonk: mode=hard
  Removed worktrees:
  - <worktrees>/issue-123-fix
  - <worktrees>/road-1-2-3a-4-task
  Removed branches:
  - issue-123-fix
  - road-1-2-3a-4-task
  Removed generated paths:
  - <worktrees>/issue-123-fix/target
  '''
# ---
